[16:44:13] [main/INFO]: Loading Minecraft 1.21.11 with Fabric Loader 0.19.3
[16:44:13] [main/INFO]: Loading 4 mods:
	- fabricloader 0.19.3
	   \-- mixinextras 0.5.4
	- java 21
	- minecraft 1.21.11
[16:44:13] [main/INFO]: SpongePowered MIXIN Subsystem Version=0.8.7 Source=file:/D:/gradle-home/caches/modules-2/files-2.1/net.fabricmc/sponge-mixin/0.17.3+mixin.0.8.7/41c4a3984a80f4679e759fb9f495587acc5cdac7/sponge-mixin-0.17.3+mixin.0.8.7.jar Service=Knot/Fabric Env=CLIENT
[16:44:21] [Datafixer Bootstrap/INFO]: 287 Datafixer optimizations took 1248 milliseconds
[16:44:22] [main/WARN]: Failed to add PDH Counter: \Paging File(_Total)\% Usage, Error code: 0xC0000BB8
[16:44:22] [main/WARN]: Failed to add counter for PDH counter: \Paging File(_Total)\% Usage
[16:44:22] [main/INFO]: Disabling further attempts to query Paging File.
[16:44:39] [main/WARN]: COM exception: Invalid Query: SELECT PERCENTUSAGE FROM Win32_PerfRawData_PerfOS_PagingFile
[16:44:54] [main/WARN]: COM exception: Invalid Query: SELECT PERCENTUSAGE FROM Win32_PerfRawData_PerfOS_PagingFile
[16:44:55] [main/WARN]: Failed to get system info for Render Extensions
java.lang.IllegalStateException: Can't getDevice() before it was initialized
	at knot//com.mojang.blaze3d.systems.RenderSystem.getDevice(RenderSystem.java:299)
	at knot//net.minecraft.client.MinecraftClient.method_68671(MinecraftClient.java:2527)
	at knot//net.minecraft.util.SystemDetails.addSection(SystemDetails.java:78)
	at knot//net.minecraft.client.MinecraftClient.addSystemDetailsToCrashReport(MinecraftClient.java:2527)
	at knot//net.minecraft.client.MinecraftClient.addSystemDetailsToCrashReport(MinecraftClient.java:2497)
	at knot//net.minecraft.client.main.Main.main(Main.java:207)
	at net.fabricmc.loader.impl.game.minecraft.MinecraftGameProvider.launch(MinecraftGameProvider.java:514)
	at net.fabricmc.loader.impl.launch.knot.Knot.launch(Knot.java:72)
	at net.fabricmc.loader.impl.launch.knot.KnotClient.main(KnotClient.java:23)
	at net.fabricmc.devlaunchinjector.Main.main(Main.java:86)
